>>> say_my_name = __import__('3-say_my_name').say_my_name

>>> say_my_name("John", "Smith")
My name is John Smith

>>> say_my_name(12, "White")
Traceback (most recent call last):
...
TypeError: first_name must be a string

>>> say_my_name("John", 16)
Traceback (most recent call last):
...
TypeError: last_name must be a string

>>> say_my_name([], "hugo")
Traceback (most recent call last):
...
TypeError: first_name must be a string

>>> say_my_name(a, "hugo")
Traceback (most recent call last):
...
NameError: name 'a' is not defined

>>> say_my_name(a, "hugo")
Traceback (most recent call last):
...
NameError: name 'a' is not defined

>>> a = ("hello", "world")

>>> say_my_name(a, "hugo")
Traceback (most recent call last):
...
TypeError: first_name must be a string

>>> say_my_name(a[0], [1])
Traceback (most recent call last):
...
TypeError: last_name must be a string

>>> say_my_name(a[0], a[1])
My name is hello world

>>> say_my_name()
Traceback (most recent call last):
...
TypeError: say_my_name() missing 1 required positional argument: 'first_name'

>>> say_my_name(a[0])
My name is hello

